[33m>[39m Building...
[32m√[39m Building...
[1mInitial chunk files[22m[2m | [22m[1mNames[22m        [2m | [22m [1mRaw size[22m[2m | [22m[1mEstimated transfer size[22m
[32mmain.js[39m            [2m | [22m[2mmain[22m         [2m | [22m[36m395.23 kB[39m[2m | [22m               [36m99.29 kB[39m
[32mpolyfills.js[39m       [2m | [22m[2mpolyfills[22m    [2m | [22m [36m34.58 kB[39m[2m | [22m               [36m11.32 kB[39m
[32mstyles.css[39m         [2m | [22m[2mstyles[22m       [2m | [22m  [36m8.28 kB[39m[2m | [22m                [36m2.17 kB[39m

[1m [22m                  [2m | [22m[1mInitial total[22m[2m | [22m[1m438.08 kB[22m[2m | [22m              [1m112.78 kB[22m

Application bundle generation complete. [2.638 seconds]

Watch mode enabled. Watching for file changes...
NOTE: Raw file sizes do not reflect development server per-request transformations.
  [32m➜[39m  [1mLocal[22m:   [36mhttp://127.0.0.1:[1m4200[22m/[39m
[2m[32m  ➜[39m[22m[2m  press [22m[1mh + enter[22m[2m to show help[22m
[33m>[39m Changes detected. Rebuilding...
[32m√[39m Changes detected. Rebuilding...
[1mInitial chunk files[22m[2m | [22m[1mNames[22m [2m | [22m [1mRaw size[22m[2m | [22m[1mEstimated transfer size[22m
[32mmain.js[39m            [2m | [22m[2mmain[22m  [2m | [22m[36m396.35 kB[39m[2m | [22m               [36m99.50 kB[39m
[32mstyles.css[39m         [2m | [22m[2mstyles[22m[2m | [22m  [36m8.32 kB[39m[2m | [22m                [36m2.18 kB[39m

Application bundle generation complete. [1.211 seconds]

Page reload sent to client(s).
[33m>[39m Changes detected. Rebuilding...
[32m√[39m Changes detected. Rebuilding...
[1mInitial chunk files[22m[2m | [22m[1mNames[22m [2m | [22m [1mRaw size[22m[2m | [22m[1mEstimated transfer size[22m
[32mmain.js[39m            [2m | [22m[2mmain[22m  [2m | [22m[36m398.14 kB[39m[2m | [22m               [36m99.88 kB[39m
[32mstyles.css[39m         [2m | [22m[2mstyles[22m[2m | [22m  [36m8.72 kB[39m[2m | [22m                [36m2.25 kB[39m

Application bundle generation complete. [0.947 seconds]

Page reload sent to client(s).
