Watching for file changes with StatReloader
Unauthorized: /api/exercises/
[21/Apr/2026 21:35:50] "GET /api/exercises/ HTTP/1.1" 401 58
Unauthorized: /api/exercises/
[21/Apr/2026 21:35:52] "GET /api/exercises/ HTTP/1.1" 401 58
Unauthorized: /api/exercises/
[21/Apr/2026 21:35:54] "GET /api/exercises/ HTTP/1.1" 401 58
Unauthorized: /api/exercises/
[21/Apr/2026 21:35:56] "GET /api/exercises/ HTTP/1.1" 401 58
Unauthorized: /api/exercises/
[21/Apr/2026 21:35:58] "GET /api/exercises/ HTTP/1.1" 401 58
Unauthorized: /api/exercises/
[21/Apr/2026 21:36:00] "GET /api/exercises/ HTTP/1.1" 401 58
Unauthorized: /api/exercises/
[21/Apr/2026 21:36:02] "GET /api/exercises/ HTTP/1.1" 401 58
Unauthorized: /api/exercises/
[21/Apr/2026 21:36:04] "GET /api/exercises/ HTTP/1.1" 401 58
Unauthorized: /api/exercises/
[21/Apr/2026 21:36:06] "GET /api/exercises/ HTTP/1.1" 401 58
Unauthorized: /api/exercises/
[21/Apr/2026 21:36:08] "GET /api/exercises/ HTTP/1.1" 401 58
Unauthorized: /api/exercises/
[21/Apr/2026 21:36:10] "GET /api/exercises/ HTTP/1.1" 401 58
Unauthorized: /api/exercises/
[21/Apr/2026 21:36:12] "GET /api/exercises/ HTTP/1.1" 401 58
Unauthorized: /api/exercises/
[21/Apr/2026 21:36:14] "GET /api/exercises/ HTTP/1.1" 401 58
Unauthorized: /api/exercises/
[21/Apr/2026 21:36:16] "GET /api/exercises/ HTTP/1.1" 401 58
Unauthorized: /api/exercises/
[21/Apr/2026 21:36:18] "GET /api/exercises/ HTTP/1.1" 401 58
Unauthorized: /api/exercises/
[21/Apr/2026 21:36:20] "GET /api/exercises/ HTTP/1.1" 401 58
Unauthorized: /api/exercises/
[21/Apr/2026 21:36:22] "GET /api/exercises/ HTTP/1.1" 401 58
Unauthorized: /api/exercises/
[21/Apr/2026 21:36:24] "GET /api/exercises/ HTTP/1.1" 401 58
Unauthorized: /api/exercises/
[21/Apr/2026 21:36:26] "GET /api/exercises/ HTTP/1.1" 401 58
Unauthorized: /api/exercises/
[21/Apr/2026 21:36:28] "GET /api/exercises/ HTTP/1.1" 401 58
Unauthorized: /api/exercises/
[21/Apr/2026 21:36:30] "GET /api/exercises/ HTTP/1.1" 401 58
Unauthorized: /api/exercises/
[21/Apr/2026 21:36:33] "GET /api/exercises/ HTTP/1.1" 401 58
Unauthorized: /api/exercises/
[21/Apr/2026 21:36:35] "GET /api/exercises/ HTTP/1.1" 401 58
Unauthorized: /api/exercises/
[21/Apr/2026 21:36:37] "GET /api/exercises/ HTTP/1.1" 401 58
Unauthorized: /api/exercises/
[21/Apr/2026 21:36:39] "GET /api/exercises/ HTTP/1.1" 401 58
Unauthorized: /api/exercises/
[21/Apr/2026 21:36:41] "GET /api/exercises/ HTTP/1.1" 401 58
Unauthorized: /api/exercises/
[21/Apr/2026 21:36:43] "GET /api/exercises/ HTTP/1.1" 401 58
Unauthorized: /api/exercises/
[21/Apr/2026 21:36:45] "GET /api/exercises/ HTTP/1.1" 401 58
Unauthorized: /api/exercises/
[21/Apr/2026 21:36:47] "GET /api/exercises/ HTTP/1.1" 401 58
Unauthorized: /api/exercises/
[21/Apr/2026 21:36:49] "GET /api/exercises/ HTTP/1.1" 401 58
Unauthorized: /api/exercises/
[21/Apr/2026 21:36:51] "GET /api/exercises/ HTTP/1.1" 401 58
Unauthorized: /api/exercises/
[21/Apr/2026 21:36:53] "GET /api/exercises/ HTTP/1.1" 401 58
Unauthorized: /api/exercises/
[21/Apr/2026 21:36:55] "GET /api/exercises/ HTTP/1.1" 401 58
Unauthorized: /api/exercises/
[21/Apr/2026 21:36:57] "GET /api/exercises/ HTTP/1.1" 401 58
Unauthorized: /api/exercises/
[21/Apr/2026 21:36:59] "GET /api/exercises/ HTTP/1.1" 401 58
Unauthorized: /api/exercises/
[21/Apr/2026 21:37:01] "GET /api/exercises/ HTTP/1.1" 401 58
Unauthorized: /api/exercises/
[21/Apr/2026 21:37:03] "GET /api/exercises/ HTTP/1.1" 401 58
Unauthorized: /api/exercises/
[21/Apr/2026 21:37:05] "GET /api/exercises/ HTTP/1.1" 401 58
Unauthorized: /api/exercises/
[21/Apr/2026 21:37:07] "GET /api/exercises/ HTTP/1.1" 401 58
Unauthorized: /api/exercises/
[21/Apr/2026 21:37:09] "GET /api/exercises/ HTTP/1.1" 401 58
Unauthorized: /api/exercises/
[21/Apr/2026 21:37:11] "GET /api/exercises/ HTTP/1.1" 401 58
Unauthorized: /api/exercises/
[21/Apr/2026 21:37:13] "GET /api/exercises/ HTTP/1.1" 401 58
Unauthorized: /api/exercises/
[21/Apr/2026 21:37:15] "GET /api/exercises/ HTTP/1.1" 401 58
Unauthorized: /api/exercises/
[21/Apr/2026 21:37:17] "GET /api/exercises/ HTTP/1.1" 401 58
Unauthorized: /api/exercises/
[21/Apr/2026 21:37:19] "GET /api/exercises/ HTTP/1.1" 401 58
Unauthorized: /api/exercises/
[21/Apr/2026 21:37:21] "GET /api/exercises/ HTTP/1.1" 401 58
Unauthorized: /api/exercises/
[21/Apr/2026 21:37:23] "GET /api/exercises/ HTTP/1.1" 401 58
Unauthorized: /api/exercises/
[21/Apr/2026 21:37:25] "GET /api/exercises/ HTTP/1.1" 401 58
Unauthorized: /api/exercises/
[21/Apr/2026 21:37:27] "GET /api/exercises/ HTTP/1.1" 401 58
Unauthorized: /api/exercises/
[21/Apr/2026 21:37:29] "GET /api/exercises/ HTTP/1.1" 401 58
Unauthorized: /api/exercises/
[21/Apr/2026 21:37:31] "GET /api/exercises/ HTTP/1.1" 401 58
Unauthorized: /api/exercises/
[21/Apr/2026 21:37:33] "GET /api/exercises/ HTTP/1.1" 401 58
Unauthorized: /api/exercises/
[21/Apr/2026 21:37:35] "GET /api/exercises/ HTTP/1.1" 401 58
Unauthorized: /api/exercises/
[21/Apr/2026 21:37:37] "GET /api/exercises/ HTTP/1.1" 401 58
Unauthorized: /api/exercises/
[21/Apr/2026 21:37:39] "GET /api/exercises/ HTTP/1.1" 401 58
Unauthorized: /api/exercises/
[21/Apr/2026 21:37:41] "GET /api/exercises/ HTTP/1.1" 401 58
Unauthorized: /api/exercises/
[21/Apr/2026 21:37:43] "GET /api/exercises/ HTTP/1.1" 401 58
Unauthorized: /api/exercises/
[21/Apr/2026 21:37:45] "GET /api/exercises/ HTTP/1.1" 401 58
Unauthorized: /api/exercises/
[21/Apr/2026 21:37:47] "GET /api/exercises/ HTTP/1.1" 401 58
Unauthorized: /api/exercises/
[21/Apr/2026 21:37:49] "GET /api/exercises/ HTTP/1.1" 401 58
[21/Apr/2026 21:38:11] "OPTIONS /api/auth/register/ HTTP/1.1" 200 0
[21/Apr/2026 21:38:12] "POST /api/auth/register/ HTTP/1.1" 201 27
[21/Apr/2026 21:38:19] "OPTIONS /api/auth/login/ HTTP/1.1" 200 0
[21/Apr/2026 21:38:19] "POST /api/auth/login/ HTTP/1.1" 200 518
[21/Apr/2026 21:38:19] "OPTIONS /api/exercises/muscles/ HTTP/1.1" 200 0
[21/Apr/2026 21:38:19] "GET /api/exercises/muscles/ HTTP/1.1" 200 796
[21/Apr/2026 21:38:19] "OPTIONS /api/exercises/?muscle=chest HTTP/1.1" 200 0
[21/Apr/2026 21:38:19] "GET /api/exercises/?muscle=chest HTTP/1.1" 200 943
[21/Apr/2026 21:38:23] "OPTIONS /api/exercises/?muscle=back HTTP/1.1" 200 0
[21/Apr/2026 21:38:23] "GET /api/exercises/?muscle=back HTTP/1.1" 200 925
[21/Apr/2026 21:38:28] "OPTIONS /api/exercises/?muscle=biceps HTTP/1.1" 200 0
[21/Apr/2026 21:38:28] "GET /api/exercises/?muscle=biceps HTTP/1.1" 200 938
[21/Apr/2026 21:38:29] "GET /api/exercises/?muscle=chest HTTP/1.1" 200 943
[21/Apr/2026 21:38:34] "OPTIONS /api/exercises/?muscle=triceps HTTP/1.1" 200 0
[21/Apr/2026 21:38:34] "GET /api/exercises/?muscle=triceps HTTP/1.1" 200 948
[21/Apr/2026 21:38:37] "OPTIONS /api/exercises/?muscle=quads HTTP/1.1" 200 0
[21/Apr/2026 21:38:37] "GET /api/exercises/?muscle=quads HTTP/1.1" 200 459
[21/Apr/2026 21:38:39] "OPTIONS /api/exercises/?muscle=glutes HTTP/1.1" 200 0
[21/Apr/2026 21:38:39] "GET /api/exercises/?muscle=glutes HTTP/1.1" 200 477
[21/Apr/2026 21:38:43] "OPTIONS /api/sessions/current/ HTTP/1.1" 200 0
[21/Apr/2026 21:38:43] "GET /api/exercises/muscles/ HTTP/1.1" 200 796
Not Found: /api/sessions/current/
[21/Apr/2026 21:38:43] "GET /api/sessions/current/ HTTP/1.1" 404 30
[21/Apr/2026 21:38:43] "GET /api/exercises/?muscle=chest HTTP/1.1" 200 943
[21/Apr/2026 21:38:50] "GET /api/exercises/?muscle=back HTTP/1.1" 200 925
[21/Apr/2026 21:38:50] "GET /api/exercises/?muscle=chest HTTP/1.1" 200 943
[21/Apr/2026 21:38:51] "OPTIONS /api/sessions/start/ HTTP/1.1" 200 0
[21/Apr/2026 21:38:51] "POST /api/sessions/start/ HTTP/1.1" 201 144
[21/Apr/2026 21:38:51] "OPTIONS /api/sessions/exercise-items/?session_id=1 HTTP/1.1" 200 0
[21/Apr/2026 21:38:51] "GET /api/sessions/exercise-items/?session_id=1 HTTP/1.1" 200 2
[21/Apr/2026 21:39:02] "OPTIONS /api/sessions/exercise-items/ HTTP/1.1" 200 0
[21/Apr/2026 21:39:02] "POST /api/sessions/exercise-items/ HTTP/1.1" 201 174
[21/Apr/2026 21:39:02] "GET /api/sessions/current/ HTTP/1.1" 200 146
[21/Apr/2026 21:39:02] "GET /api/sessions/exercise-items/?session_id=1 HTTP/1.1" 200 176
[21/Apr/2026 21:39:02] "GET /api/sessions/exercise-items/?session_id=1 HTTP/1.1" 200 176
[21/Apr/2026 21:39:17] "OPTIONS /api/sessions/1/finish/ HTTP/1.1" 200 0
[21/Apr/2026 21:39:17] "POST /api/sessions/1/finish/ HTTP/1.1" 200 182
[21/Apr/2026 21:39:19] "OPTIONS /api/stats/weekly/?period=week HTTP/1.1" 200 0
[21/Apr/2026 21:39:19] "GET /api/stats/weekly/?period=week HTTP/1.1" 200 359
[21/Apr/2026 21:39:19] "GET /api/sessions/exercise-items/ HTTP/1.1" 200 176
[21/Apr/2026 21:39:26] "GET /api/exercises/muscles/ HTTP/1.1" 200 796
[21/Apr/2026 21:39:26] "GET /api/exercises/?muscle=chest HTTP/1.1" 200 943
[21/Apr/2026 21:39:28] "GET /api/exercises/?muscle=back HTTP/1.1" 200 925
[21/Apr/2026 21:39:30] "GET /api/exercises/?muscle=chest HTTP/1.1" 200 943
[21/Apr/2026 21:39:32] "GET /api/exercises/?muscle=glutes HTTP/1.1" 200 477
[21/Apr/2026 21:39:34] "GET /api/exercises/?muscle=biceps HTTP/1.1" 200 938
[21/Apr/2026 21:39:35] "GET /api/exercises/muscles/ HTTP/1.1" 200 796
Not Found: /api/sessions/current/
[21/Apr/2026 21:39:35] "GET /api/sessions/current/ HTTP/1.1" 404 30
[21/Apr/2026 21:39:35] "GET /api/exercises/?muscle=chest HTTP/1.1" 200 943
[21/Apr/2026 21:39:36] "GET /api/sessions/exercise-items/ HTTP/1.1" 200 176
[21/Apr/2026 21:39:36] "GET /api/stats/weekly/?period=week HTTP/1.1" 200 359
[21/Apr/2026 21:40:10] "GET /api/exercises/muscles/ HTTP/1.1" 200 796
Not Found: /api/sessions/current/
[21/Apr/2026 21:40:10] "GET /api/sessions/current/ HTTP/1.1" 404 30
[21/Apr/2026 21:40:10] "GET /api/exercises/?muscle=chest HTTP/1.1" 200 943
[21/Apr/2026 21:40:11] "GET /api/exercises/muscles/ HTTP/1.1" 200 796
[21/Apr/2026 21:40:11] "GET /api/exercises/?muscle=chest HTTP/1.1" 200 943
[21/Apr/2026 21:40:12] "GET /api/exercises/muscles/ HTTP/1.1" 200 796
Not Found: /api/sessions/current/
[21/Apr/2026 21:40:12] "GET /api/sessions/current/ HTTP/1.1" 404 30
[21/Apr/2026 21:40:12] "GET /api/exercises/?muscle=chest HTTP/1.1" 200 943
[21/Apr/2026 21:40:18] "GET /api/exercises/?muscle=back HTTP/1.1" 200 925
[21/Apr/2026 21:40:21] "GET /api/exercises/?muscle=biceps HTTP/1.1" 200 938
[21/Apr/2026 21:40:26] "GET /api/exercises/?muscle=triceps HTTP/1.1" 200 948
Unauthorized: /api/exercises/
[21/Apr/2026 21:40:32] "GET /api/exercises/ HTTP/1.1" 401 58
[21/Apr/2026 21:45:22] "GET /api/exercises/?muscle=back HTTP/1.1" 200 925
[21/Apr/2026 21:45:26] "GET /api/exercises/?muscle=biceps HTTP/1.1" 200 938
[21/Apr/2026 21:45:29] "GET /api/sessions/exercise-items/ HTTP/1.1" 200 176
[21/Apr/2026 21:45:29] "GET /api/stats/weekly/?period=week HTTP/1.1" 200 359
[21/Apr/2026 21:45:41] "OPTIONS /api/profile/ HTTP/1.1" 200 0
[21/Apr/2026 21:45:41] "GET /api/profile/ HTTP/1.1" 200 50
[21/Apr/2026 21:45:41] "GET /api/profile/ HTTP/1.1" 200 50
[21/Apr/2026 21:45:41] "GET /api/sessions/exercise-items/ HTTP/1.1" 200 176
[21/Apr/2026 21:45:41] "GET /api/stats/weekly/?period=week HTTP/1.1" 200 359
Not Found: /api/sessions/current/
[21/Apr/2026 21:45:43] "GET /api/exercises/muscles/ HTTP/1.1" 200 796
[21/Apr/2026 21:45:43] "GET /api/sessions/current/ HTTP/1.1" 404 30
[21/Apr/2026 21:45:43] "GET /api/exercises/?muscle=chest HTTP/1.1" 200 943
[21/Apr/2026 21:45:49] "GET /api/exercises/muscles/ HTTP/1.1" 200 796
[21/Apr/2026 21:45:49] "GET /api/exercises/?muscle=chest HTTP/1.1" 200 943
[21/Apr/2026 21:45:50] "GET /api/exercises/muscles/ HTTP/1.1" 200 796
Not Found: /api/sessions/current/
[21/Apr/2026 21:45:50] "GET /api/sessions/current/ HTTP/1.1" 404 30
[21/Apr/2026 21:45:50] "GET /api/exercises/?muscle=chest HTTP/1.1" 200 943
[21/Apr/2026 21:45:51] "GET /api/exercises/muscles/ HTTP/1.1" 200 796
[21/Apr/2026 21:45:51] "GET /api/exercises/?muscle=chest HTTP/1.1" 200 943
[21/Apr/2026 21:45:56] "GET /api/exercises/?muscle=back HTTP/1.1" 200 925
Unauthorized: /api/profile/
[21/Apr/2026 21:46:09] "GET /api/profile/ HTTP/1.1" 401 172
[21/Apr/2026 21:47:45] "GET /api/profile/ HTTP/1.1" 200 50
[21/Apr/2026 21:47:45] "GET /api/profile/ HTTP/1.1" 200 50
[21/Apr/2026 21:47:46] "GET /api/profile/ HTTP/1.1" 200 50
[21/Apr/2026 21:47:46] "GET /api/profile/ HTTP/1.1" 200 50
Bad Request: /api/auth/register/
[21/Apr/2026 21:47:59] "POST /api/auth/register/ HTTP/1.1" 400 58
[21/Apr/2026 21:48:02] "POST /api/auth/login/ HTTP/1.1" 200 518
[21/Apr/2026 21:48:02] "GET /api/profile/ HTTP/1.1" 200 50
[21/Apr/2026 21:48:02] "GET /api/exercises/muscles/ HTTP/1.1" 200 796
[21/Apr/2026 21:48:02] "GET /api/exercises/?muscle=chest HTTP/1.1" 200 943
Not Found: /api/sessions/current/
[21/Apr/2026 21:48:03] "GET /api/exercises/muscles/ HTTP/1.1" 200 796
[21/Apr/2026 21:48:03] "GET /api/sessions/current/ HTTP/1.1" 404 30
[21/Apr/2026 21:48:03] "GET /api/exercises/?muscle=chest HTTP/1.1" 200 943
[21/Apr/2026 21:48:03] "GET /api/sessions/exercise-items/ HTTP/1.1" 200 176
[21/Apr/2026 21:48:03] "GET /api/stats/weekly/?period=week HTTP/1.1" 200 359
[21/Apr/2026 21:48:04] "GET /api/exercises/muscles/ HTTP/1.1" 200 796
[21/Apr/2026 21:48:04] "GET /api/exercises/?muscle=chest HTTP/1.1" 200 943
Not Found: /api/sessions/current/
[21/Apr/2026 21:48:07] "GET /api/exercises/muscles/ HTTP/1.1" 200 796
[21/Apr/2026 21:48:07] "GET /api/sessions/current/ HTTP/1.1" 404 30
[21/Apr/2026 21:48:07] "GET /api/exercises/?muscle=chest HTTP/1.1" 200 943
[21/Apr/2026 21:48:08] "GET /api/sessions/exercise-items/ HTTP/1.1" 200 176
[21/Apr/2026 21:48:08] "GET /api/stats/weekly/?period=week HTTP/1.1" 200 359
[21/Apr/2026 21:48:08] "GET /api/exercises/muscles/ HTTP/1.1" 200 796
Not Found: /api/sessions/current/
[21/Apr/2026 21:48:08] "GET /api/sessions/current/ HTTP/1.1" 404 30
[21/Apr/2026 21:48:08] "GET /api/exercises/?muscle=chest HTTP/1.1" 200 943
[21/Apr/2026 21:48:09] "GET /api/exercises/muscles/ HTTP/1.1" 200 796
[21/Apr/2026 21:48:09] "GET /api/exercises/?muscle=chest HTTP/1.1" 200 943
[21/Apr/2026 21:49:03] "OPTIONS /api/auth/login/ HTTP/1.1" 200 0
[21/Apr/2026 21:49:04] "POST /api/auth/login/ HTTP/1.1" 200 518
[21/Apr/2026 21:49:04] "OPTIONS /api/profile/ HTTP/1.1" 200 0
[21/Apr/2026 21:49:04] "OPTIONS /api/exercises/muscles/ HTTP/1.1" 200 0
[21/Apr/2026 21:49:04] "GET /api/profile/ HTTP/1.1" 200 50
[21/Apr/2026 21:49:04] "GET /api/exercises/muscles/ HTTP/1.1" 200 796
[21/Apr/2026 21:49:04] "OPTIONS /api/exercises/?muscle=chest HTTP/1.1" 200 0
[21/Apr/2026 21:49:04] "GET /api/exercises/?muscle=chest HTTP/1.1" 200 943
[21/Apr/2026 21:49:18] "OPTIONS /api/exercises/?muscle=back HTTP/1.1" 200 0
[21/Apr/2026 21:49:18] "GET /api/exercises/?muscle=back HTTP/1.1" 200 925
[21/Apr/2026 21:49:18] "OPTIONS /api/exercises/?muscle=biceps HTTP/1.1" 200 0
[21/Apr/2026 21:49:18] "GET /api/exercises/?muscle=biceps HTTP/1.1" 200 938
[21/Apr/2026 21:49:19] "OPTIONS /api/exercises/?muscle=triceps HTTP/1.1" 200 0
[21/Apr/2026 21:49:19] "GET /api/exercises/?muscle=triceps HTTP/1.1" 200 948
[21/Apr/2026 21:49:20] "OPTIONS /api/exercises/?muscle=shoulders HTTP/1.1" 200 0
[21/Apr/2026 21:49:20] "GET /api/exercises/?muscle=shoulders HTTP/1.1" 200 2
[21/Apr/2026 21:49:21] "OPTIONS /api/exercises/?muscle=forearm HTTP/1.1" 200 0
[21/Apr/2026 21:49:21] "GET /api/exercises/?muscle=forearm HTTP/1.1" 200 2
[21/Apr/2026 21:49:21] "GET /api/exercises/?muscle=shoulders HTTP/1.1" 200 2
[21/Apr/2026 21:49:22] "OPTIONS /api/exercises/?muscle=quads HTTP/1.1" 200 0
[21/Apr/2026 21:49:22] "GET /api/exercises/?muscle=quads HTTP/1.1" 200 459
[21/Apr/2026 21:49:23] "OPTIONS /api/exercises/?muscle=glutes HTTP/1.1" 200 0
[21/Apr/2026 21:49:23] "GET /api/exercises/?muscle=glutes HTTP/1.1" 200 477
[21/Apr/2026 21:49:57] "OPTIONS /api/sessions/current/ HTTP/1.1" 200 0
[21/Apr/2026 21:49:57] "GET /api/exercises/muscles/ HTTP/1.1" 200 796
Not Found: /api/sessions/current/
[21/Apr/2026 21:49:57] "GET /api/sessions/current/ HTTP/1.1" 404 30
[21/Apr/2026 21:49:57] "GET /api/exercises/?muscle=chest HTTP/1.1" 200 943
[21/Apr/2026 21:50:00] "GET /api/exercises/muscles/ HTTP/1.1" 200 796
[21/Apr/2026 21:50:00] "GET /api/exercises/?muscle=chest HTTP/1.1" 200 943
[21/Apr/2026 21:50:01] "OPTIONS /api/stats/weekly/?period=week HTTP/1.1" 200 0
[21/Apr/2026 21:50:01] "OPTIONS /api/sessions/exercise-items/ HTTP/1.1" 200 0
[21/Apr/2026 21:50:01] "GET /api/sessions/exercise-items/ HTTP/1.1" 200 176
[21/Apr/2026 21:50:01] "GET /api/stats/weekly/?period=week HTTP/1.1" 200 359
[21/Apr/2026 21:50:01] "GET /api/exercises/muscles/ HTTP/1.1" 200 796
[21/Apr/2026 21:50:01] "GET /api/exercises/?muscle=chest HTTP/1.1" 200 943
[21/Apr/2026 21:50:03] "GET /api/exercises/?muscle=back HTTP/1.1" 200 925
[21/Apr/2026 21:55:38] "OPTIONS /api/auth/login/ HTTP/1.1" 200 0
Bad Request: /api/auth/login/
[21/Apr/2026 21:55:39] "POST /api/auth/login/ HTTP/1.1" 400 54
[21/Apr/2026 21:56:00] "GET /admin HTTP/1.1" 301 0
[21/Apr/2026 21:56:00] "GET /admin/ HTTP/1.1" 302 0
[21/Apr/2026 21:56:00] "GET /admin/login/?next=/admin/ HTTP/1.1" 200 4080
[21/Apr/2026 21:56:01] "GET /static/admin/css/nav_sidebar.css HTTP/1.1" 200 2810
[21/Apr/2026 21:56:01] "GET /static/admin/css/base.css HTTP/1.1" 200 23100
[21/Apr/2026 21:56:01] "GET /static/admin/css/responsive.css HTTP/1.1" 200 16273
[21/Apr/2026 21:56:01] "GET /static/admin/css/dark_mode.css HTTP/1.1" 200 3538
[21/Apr/2026 21:56:01] "GET /static/admin/css/login.css HTTP/1.1" 200 951
[21/Apr/2026 21:56:01] "GET /static/admin/js/nav_sidebar.js HTTP/1.1" 200 3063
[21/Apr/2026 21:56:01] "GET /static/admin/js/theme.js HTTP/1.1" 200 1653
Not Found: /favicon.ico
[21/Apr/2026 21:56:01] "GET /favicon.ico HTTP/1.1" 404 2533
[21/Apr/2026 21:56:09] "POST /admin/login/?next=/admin/ HTTP/1.1" 200 4248
[21/Apr/2026 21:56:23] "POST /admin/login/?next=/admin/ HTTP/1.1" 200 4248
[21/Apr/2026 21:59:22] "GET /api/profile/ HTTP/1.1" 200 50
[21/Apr/2026 21:59:22] "GET /api/profile/ HTTP/1.1" 200 50
[21/Apr/2026 21:59:22] "GET /api/exercises/muscles/ HTTP/1.1" 200 796
[21/Apr/2026 21:59:22] "GET /api/exercises/?muscle=chest HTTP/1.1" 200 943
[21/Apr/2026 21:59:23] "GET /api/profile/ HTTP/1.1" 200 50
[21/Apr/2026 21:59:23] "GET /api/profile/ HTTP/1.1" 200 50
[21/Apr/2026 21:59:23] "GET /api/exercises/muscles/ HTTP/1.1" 200 796
[21/Apr/2026 21:59:23] "GET /api/exercises/?muscle=chest HTTP/1.1" 200 943
[21/Apr/2026 21:59:40] "PATCH /api/profile/ HTTP/1.1" 200 104
[21/Apr/2026 21:59:40] "GET /media/avatars/3F3F3F3F3F_3F3F.webp HTTP/1.1" 200 113684
[21/Apr/2026 21:59:59] "GET /api/exercises/muscles/ HTTP/1.1" 200 796
Not Found: /api/sessions/current/
[21/Apr/2026 21:59:59] "GET /api/sessions/current/ HTTP/1.1" 404 30
[21/Apr/2026 21:59:59] "GET /api/exercises/?muscle=chest HTTP/1.1" 200 943
[21/Apr/2026 21:59:59] "GET /api/exercises/muscles/ HTTP/1.1" 200 796
[21/Apr/2026 21:59:59] "GET /api/exercises/?muscle=chest HTTP/1.1" 200 943
Not Found: /api/sessions/current/
[21/Apr/2026 22:03:32] "GET /api/exercises/muscles/ HTTP/1.1" 200 796
[21/Apr/2026 22:03:32] "GET /api/sessions/current/ HTTP/1.1" 404 30
[21/Apr/2026 22:03:32] "GET /api/exercises/?muscle=chest HTTP/1.1" 200 943
[21/Apr/2026 22:03:33] "GET /api/sessions/exercise-items/ HTTP/1.1" 200 176
[21/Apr/2026 22:03:33] "GET /api/stats/weekly/?period=week HTTP/1.1" 200 359
C:\Users\admin\Desktop\2FTA\api\serializers.py changed, reloading.
Watching for file changes with StatReloader
[21/Apr/2026 22:38:21] "GET /api/exercises/muscles/ HTTP/1.1" 200 796
Not Found: /api/sessions/current/
[21/Apr/2026 22:38:21] "GET /api/sessions/current/ HTTP/1.1" 404 30
[21/Apr/2026 22:38:21] "GET /api/exercises/?muscle=chest HTTP/1.1" 200 943
[21/Apr/2026 22:38:23] "GET /api/stats/weekly/?period=week HTTP/1.1" 200 571
[21/Apr/2026 22:38:23] "GET /api/sessions/exercise-items/ HTTP/1.1" 200 176
[21/Apr/2026 22:38:27] "GET /api/profile/ HTTP/1.1" 200 104
[21/Apr/2026 22:38:27] "GET /media/avatars/3F3F3F3F3F_3F3F.webp HTTP/1.1" 304 0
[21/Apr/2026 22:38:27] "GET /api/profile/ HTTP/1.1" 200 104
[21/Apr/2026 22:38:27] "GET /api/stats/weekly/?period=week HTTP/1.1" 200 571
[21/Apr/2026 22:38:27] "GET /api/sessions/exercise-items/ HTTP/1.1" 200 176
Not Found: /api/sessions/current/
[21/Apr/2026 22:42:20] "GET /api/exercises/muscles/ HTTP/1.1" 200 796
[21/Apr/2026 22:42:20] "GET /api/sessions/current/ HTTP/1.1" 404 30
[21/Apr/2026 22:42:20] "GET /api/exercises/?muscle=chest HTTP/1.1" 200 943
[21/Apr/2026 22:42:24] "GET /api/exercises/muscles/ HTTP/1.1" 200 796
[21/Apr/2026 22:42:24] "GET /api/exercises/?muscle=chest HTTP/1.1" 200 943
[21/Apr/2026 23:14:55] "POST /api/auth/login/ HTTP/1.1" 200 518
[21/Apr/2026 23:14:55] "GET /api/profile/ HTTP/1.1" 200 104
[21/Apr/2026 23:14:55] "GET /api/exercises/muscles/ HTTP/1.1" 200 796
[21/Apr/2026 23:14:55] "GET /api/exercises/?muscle=chest HTTP/1.1" 200 943
Not Found: /api/sessions/current/
[21/Apr/2026 23:14:56] "GET /api/exercises/muscles/ HTTP/1.1" 200 796
[21/Apr/2026 23:14:56] "GET /api/sessions/current/ HTTP/1.1" 404 30
[21/Apr/2026 23:14:56] "GET /api/exercises/?muscle=chest HTTP/1.1" 200 943
